// Jest Snapshot v1, https://goo.gl/fbAQLP

exports[`should log a warning if "addToHooks" parameter "args" is longer than 3 1`] = `
Array [
  Array [
    "\\"addToHooks\\" parameter \\"args\\" has a length of over 3 (length: 4)",
  ],
]
`;

exports[`should throw a Error when a hooks options argument is not a object 1`] = `"\\"TestHookFunctionNotFunction.pre.save\\"'s hookOptions is not a normal object!"`;
